I'm sorry, but errors were detected in your script. Please correct the
errors listed below, and try again.


File "game/chapter3.rpy", line 208: expected 'simple_expression' not found.
    scene my_room_apartment_night with
                                      ^

Ren'Py Version: Ren'Py 6.99.12.4.2187
